// Jest Snapshot v1, https://goo.gl/fbAQLP

exports[`Testing Home Component 1`] = `<div />`;
